// Jest Snapshot v1, https://goo.gl/fbAQLP

exports[`EventCard Component is rendering valid props are passed 1`] = `
ShallowWrapper {
  "length": 1,
  Symbol(enzyme.__root__): [Circular],
  Symbol(enzyme.__unrendered__): <EventCard
    event={
      Object {
        "description": "Description",
        "id": 3,
        "image_url": "url",
        "image_url_medium": "url",
        "image_url_small": "url",
        "location_id": 123,
        "name": "Event",
        "soundcloud_url": "url",
        "soundcloud_user_id": "id",
        "start_time": "2016-07-15T18:00:00.000+02:00",
      }
    }
  />,
  Symbol(enzyme.__renderer__): Object {
    "batchedUpdates": [Function],
    "getNode": [Function],
    "render": [Function],
    "simulateEvent": [Function],
    "unmount": [Function],
  },
  Symbol(enzyme.__node__): Object {
    "instance": null,
    "key": null,
    "nodeType": "class",
    "props": Object {
      "children": <GridTile
        actionIcon={
          <IconButton
            disableTouchRipple={false}
            disabled={false}
            iconStyle={Object {}}
            onClick={[Function]}
            tooltipPosition="bottom-center"
            touch={false}
          >
            <ActionFavoriteBorder
              color="white"
            />
          </IconButton>
        }
        actionPosition="right"
        cols={1}
        containerElement="div"
        rows={1}
        subtitle="15. Juli 2016 18:00"
        title="Event"
        titleBackground="rgba(0, 0, 0, 0.4)"
        titlePosition="bottom"
      >
        <img
          src="https://via.placeholder.com/350x150"
        />
      </GridTile>,
      "replace": false,
      "to": "/events/3",
    },
    "ref": null,
    "rendered": Object {
      "instance": null,
      "key": "3",
      "nodeType": "class",
      "props": Object {
        "actionIcon": <IconButton
          disableTouchRipple={false}
          disabled={false}
          iconStyle={Object {}}
          onClick={[Function]}
          tooltipPosition="bottom-center"
          touch={false}
        >
          <ActionFavoriteBorder
            color="white"
          />
        </IconButton>,
        "actionPosition": "right",
        "children": <img
          src="https://via.placeholder.com/350x150"
        />,
        "cols": 1,
        "containerElement": "div",
        "rows": 1,
        "subtitle": "15. Juli 2016 18:00",
        "title": "Event",
        "titleBackground": "rgba(0, 0, 0, 0.4)",
        "titlePosition": "bottom",
      },
      "ref": null,
      "rendered": Object {
        "instance": null,
        "key": null,
        "nodeType": "host",
        "props": Object {
          "src": "https://via.placeholder.com/350x150",
        },
        "ref": null,
        "rendered": null,
        "type": "img",
      },
      "type": [Function],
    },
    "type": [Function],
  },
  Symbol(enzyme.__nodes__): Array [
    Object {
      "instance": null,
      "key": null,
      "nodeType": "class",
      "props": Object {
        "children": <GridTile
          actionIcon={
            <IconButton
              disableTouchRipple={false}
              disabled={false}
              iconStyle={Object {}}
              onClick={[Function]}
              tooltipPosition="bottom-center"
              touch={false}
            >
              <ActionFavoriteBorder
                color="white"
              />
            </IconButton>
          }
          actionPosition="right"
          cols={1}
          containerElement="div"
          rows={1}
          subtitle="15. Juli 2016 18:00"
          title="Event"
          titleBackground="rgba(0, 0, 0, 0.4)"
          titlePosition="bottom"
        >
          <img
            src="https://via.placeholder.com/350x150"
          />
        </GridTile>,
        "replace": false,
        "to": "/events/3",
      },
      "ref": null,
      "rendered": Object {
        "instance": null,
        "key": "3",
        "nodeType": "class",
        "props": Object {
          "actionIcon": <IconButton
            disableTouchRipple={false}
            disabled={false}
            iconStyle={Object {}}
            onClick={[Function]}
            tooltipPosition="bottom-center"
            touch={false}
          >
            <ActionFavoriteBorder
              color="white"
            />
          </IconButton>,
          "actionPosition": "right",
          "children": <img
            src="https://via.placeholder.com/350x150"
          />,
          "cols": 1,
          "containerElement": "div",
          "rows": 1,
          "subtitle": "15. Juli 2016 18:00",
          "title": "Event",
          "titleBackground": "rgba(0, 0, 0, 0.4)",
          "titlePosition": "bottom",
        },
        "ref": null,
        "rendered": Object {
          "instance": null,
          "key": null,
          "nodeType": "host",
          "props": Object {
            "src": "https://via.placeholder.com/350x150",
          },
          "ref": null,
          "rendered": null,
          "type": "img",
        },
        "type": [Function],
      },
      "type": [Function],
    },
  ],
  Symbol(enzyme.__options__): Object {
    "adapter": ReactSixteenAdapter {
      "options": Object {
        "enableComponentDidUpdateOnSetState": true,
      },
    },
  },
}
`;
