// Jest Snapshot v1, https://goo.gl/fbAQLP

exports[`EventDetails Component is rendering valid props are passed 1`] = `
ShallowWrapper {
  "length": 1,
  Symbol(enzyme.__root__): [Circular],
  Symbol(enzyme.__unrendered__): <EventDetails
    match={
      Object {
        "params": Object {
          "id": 321,
        },
      }
    }
  />,
  Symbol(enzyme.__renderer__): Object {
    "batchedUpdates": [Function],
    "getNode": [Function],
    "render": [Function],
    "simulateEvent": [Function],
    "unmount": [Function],
  },
  Symbol(enzyme.__node__): Object {
    "instance": null,
    "key": null,
    "nodeType": "host",
    "props": Object {
      "children": Array [
        <Header
          title="Breminale-Web"
        />,
        <div
          className="event-container"
        >
          <div
            className="event-banner"
          >
            <CardMedia
              overlay={
                <CardTitle
                  subtitle="15. Juli 2016 18:00"
                  title={null}
                />
              }
            >
              <img
                alt=""
                src="http://www.joko-bremen.de/breminale15/SAM_1657.jpg"
              />
            </CardMedia>
          </div>
          <div
            className="event-description"
          >
            <div
              className="event-description__header"
            >
              Beschreibung
            </div>
            <div
              className="event-description__content"
            >
              <p />
            </div>
          </div>
        </div>,
      ],
      "className": "content-container",
    },
    "ref": null,
    "rendered": Array [
      Object {
        "instance": null,
        "key": null,
        "nodeType": "class",
        "props": Object {
          "title": "Breminale-Web",
        },
        "ref": null,
        "rendered": null,
        "type": [Function],
      },
      Object {
        "instance": null,
        "key": null,
        "nodeType": "host",
        "props": Object {
          "children": Array [
            <div
              className="event-banner"
            >
              <CardMedia
                overlay={
                  <CardTitle
                    subtitle="15. Juli 2016 18:00"
                    title={null}
                  />
                }
              >
                <img
                  alt=""
                  src="http://www.joko-bremen.de/breminale15/SAM_1657.jpg"
                />
              </CardMedia>
            </div>,
            <div
              className="event-description"
            >
              <div
                className="event-description__header"
              >
                Beschreibung
              </div>
              <div
                className="event-description__content"
              >
                <p />
              </div>
            </div>,
          ],
          "className": "event-container",
        },
        "ref": null,
        "rendered": Array [
          Object {
            "instance": null,
            "key": null,
            "nodeType": "host",
            "props": Object {
              "children": <CardMedia
                overlay={
                  <CardTitle
                    subtitle="15. Juli 2016 18:00"
                    title={null}
                  />
                }
              >
                <img
                  alt=""
                  src="http://www.joko-bremen.de/breminale15/SAM_1657.jpg"
                />
              </CardMedia>,
              "className": "event-banner",
            },
            "ref": null,
            "rendered": Object {
              "instance": null,
              "key": null,
              "nodeType": "class",
              "props": Object {
                "children": <img
                  alt=""
                  src="http://www.joko-bremen.de/breminale15/SAM_1657.jpg"
                />,
                "overlay": <CardTitle
                  subtitle="15. Juli 2016 18:00"
                  title={null}
                />,
              },
              "ref": null,
              "rendered": Object {
                "instance": null,
                "key": null,
                "nodeType": "host",
                "props": Object {
                  "alt": "",
                  "src": "http://www.joko-bremen.de/breminale15/SAM_1657.jpg",
                },
                "ref": null,
                "rendered": null,
                "type": "img",
              },
              "type": [Function],
            },
            "type": "div",
          },
          Object {
            "instance": null,
            "key": null,
            "nodeType": "host",
            "props": Object {
              "children": Array [
                <div
                  className="event-description__header"
                >
                  Beschreibung
                </div>,
                <div
                  className="event-description__content"
                >
                  <p />
                </div>,
              ],
              "className": "event-description",
            },
            "ref": null,
            "rendered": Array [
              Object {
                "instance": null,
                "key": null,
                "nodeType": "host",
                "props": Object {
                  "children": "Beschreibung",
                  "className": "event-description__header",
                },
                "ref": null,
                "rendered": "Beschreibung",
                "type": "div",
              },
              Object {
                "instance": null,
                "key": null,
                "nodeType": "host",
                "props": Object {
                  "children": <p />,
                  "className": "event-description__content",
                },
                "ref": null,
                "rendered": Object {
                  "instance": null,
                  "key": null,
                  "nodeType": "host",
                  "props": Object {
                    "children": null,
                  },
                  "ref": null,
                  "rendered": null,
                  "type": "p",
                },
                "type": "div",
              },
            ],
            "type": "div",
          },
        ],
        "type": "div",
      },
    ],
    "type": "div",
  },
  Symbol(enzyme.__nodes__): Array [
    Object {
      "instance": null,
      "key": null,
      "nodeType": "host",
      "props": Object {
        "children": Array [
          <Header
            title="Breminale-Web"
          />,
          <div
            className="event-container"
          >
            <div
              className="event-banner"
            >
              <CardMedia
                overlay={
                  <CardTitle
                    subtitle="15. Juli 2016 18:00"
                    title={null}
                  />
                }
              >
                <img
                  alt=""
                  src="http://www.joko-bremen.de/breminale15/SAM_1657.jpg"
                />
              </CardMedia>
            </div>
            <div
              className="event-description"
            >
              <div
                className="event-description__header"
              >
                Beschreibung
              </div>
              <div
                className="event-description__content"
              >
                <p />
              </div>
            </div>
          </div>,
        ],
        "className": "content-container",
      },
      "ref": null,
      "rendered": Array [
        Object {
          "instance": null,
          "key": null,
          "nodeType": "class",
          "props": Object {
            "title": "Breminale-Web",
          },
          "ref": null,
          "rendered": null,
          "type": [Function],
        },
        Object {
          "instance": null,
          "key": null,
          "nodeType": "host",
          "props": Object {
            "children": Array [
              <div
                className="event-banner"
              >
                <CardMedia
                  overlay={
                    <CardTitle
                      subtitle="15. Juli 2016 18:00"
                      title={null}
                    />
                  }
                >
                  <img
                    alt=""
                    src="http://www.joko-bremen.de/breminale15/SAM_1657.jpg"
                  />
                </CardMedia>
              </div>,
              <div
                className="event-description"
              >
                <div
                  className="event-description__header"
                >
                  Beschreibung
                </div>
                <div
                  className="event-description__content"
                >
                  <p />
                </div>
              </div>,
            ],
            "className": "event-container",
          },
          "ref": null,
          "rendered": Array [
            Object {
              "instance": null,
              "key": null,
              "nodeType": "host",
              "props": Object {
                "children": <CardMedia
                  overlay={
                    <CardTitle
                      subtitle="15. Juli 2016 18:00"
                      title={null}
                    />
                  }
                >
                  <img
                    alt=""
                    src="http://www.joko-bremen.de/breminale15/SAM_1657.jpg"
                  />
                </CardMedia>,
                "className": "event-banner",
              },
              "ref": null,
              "rendered": Object {
                "instance": null,
                "key": null,
                "nodeType": "class",
                "props": Object {
                  "children": <img
                    alt=""
                    src="http://www.joko-bremen.de/breminale15/SAM_1657.jpg"
                  />,
                  "overlay": <CardTitle
                    subtitle="15. Juli 2016 18:00"
                    title={null}
                  />,
                },
                "ref": null,
                "rendered": Object {
                  "instance": null,
                  "key": null,
                  "nodeType": "host",
                  "props": Object {
                    "alt": "",
                    "src": "http://www.joko-bremen.de/breminale15/SAM_1657.jpg",
                  },
                  "ref": null,
                  "rendered": null,
                  "type": "img",
                },
                "type": [Function],
              },
              "type": "div",
            },
            Object {
              "instance": null,
              "key": null,
              "nodeType": "host",
              "props": Object {
                "children": Array [
                  <div
                    className="event-description__header"
                  >
                    Beschreibung
                  </div>,
                  <div
                    className="event-description__content"
                  >
                    <p />
                  </div>,
                ],
                "className": "event-description",
              },
              "ref": null,
              "rendered": Array [
                Object {
                  "instance": null,
                  "key": null,
                  "nodeType": "host",
                  "props": Object {
                    "children": "Beschreibung",
                    "className": "event-description__header",
                  },
                  "ref": null,
                  "rendered": "Beschreibung",
                  "type": "div",
                },
                Object {
                  "instance": null,
                  "key": null,
                  "nodeType": "host",
                  "props": Object {
                    "children": <p />,
                    "className": "event-description__content",
                  },
                  "ref": null,
                  "rendered": Object {
                    "instance": null,
                    "key": null,
                    "nodeType": "host",
                    "props": Object {
                      "children": null,
                    },
                    "ref": null,
                    "rendered": null,
                    "type": "p",
                  },
                  "type": "div",
                },
              ],
              "type": "div",
            },
          ],
          "type": "div",
        },
      ],
      "type": "div",
    },
  ],
  Symbol(enzyme.__options__): Object {
    "adapter": ReactSixteenAdapter {
      "options": Object {
        "enableComponentDidUpdateOnSetState": true,
      },
    },
  },
}
`;
